Aucun argument saisi !
Lecture de commande echouee !

