Heure pour l'option -t non valide !
Lecture de commande echouee !

