Dot-File test.dot generated
/temps/style_emploi_du_temps.css (3 hits)
/temps/suivant.gif (3 hits)
/temps/images.jpg (2 hits)
/temps/java.js (2 hits)

