Option non reconnue, fin du programme.
Lecture de commande echouee !

