Nom de fichier pour le graphe non valide !
Lecture de commande echouee !

