/temps/4IF17.html (3 hits)
/temps/4IF18.html (2 hits)
/temps/4IF19.html (2 hits)
/temps/ (1 hits)
/temps/4IF16.html (1 hits)
/temps/images.jpg (1 hits)

