Placement du fichier log invalide !
Lecture de commande echouee !

