Dot-File court.dot generated
/page2.html (3 hits)
/page1.html (2 hits)
/image.jpg (1 hits)

