Nom de fichier log non valide !
Lecture de commande echouee !

